com/teambitcoin/coinwallet/AddressScreen$2.class
com/teambitcoin/coinwallet/MainActivity.class
com/teambitcoin/coinwallet/api/Address.class
com/teambitcoin/coinwallet/ReceiveBitcoins.class
com/teambitcoin/coinwallet/api/BlockchainAPI$4.class
com/teambitcoin/coinwallet/R$id.class
com/teambitcoin/coinwallet/R$layout.class
com/teambitcoin/coinwallet/api/Payment.class
com/teambitcoin/coinwallet/ForgotPassword.class
com/teambitcoin/coinwallet/AddressScreen$2$2.class
com/teambitcoin/coinwallet/R$attr.class
com/teambitcoin/coinwallet/models/UserWrapper.class
com/teambitcoin/coinwallet/AddressScreen.class
com/teambitcoin/coinwallet/models/Database.class
com/teambitcoin/coinwallet/api/BlockchainAPI.class
com/teambitcoin/coinwallet/R$string.class
com/teambitcoin/coinwallet/ForgotPassword$3.class
com/teambitcoin/coinwallet/api/BlockchainAPI$1.class
com/teambitcoin/coinwallet/api/BlockchainAPI$6.class
com/teambitcoin/coinwallet/ForgotPassword$2.class
com/teambitcoin/coinwallet/SendBitcoins.class
com/teambitcoin/coinwallet/EditAccount.class
com/teambitcoin/coinwallet/api/Account.class
com/teambitcoin/coinwallet/R.class
com/teambitcoin/coinwallet/ShowTransactions.class
com/teambitcoin/coinwallet/api/BlockchainAPI$3.class
com/teambitcoin/coinwallet/ForgotPassword$1.class
com/teambitcoin/coinwallet/R$menu.class
com/teambitcoin/coinwallet/R$dimen.class
com/teambitcoin/coinwallet/models/User.class
com/teambitcoin/coinwallet/models/AddressDatabaseHandler.class
com/teambitcoin/coinwallet/BuildConfig.class
com/teambitcoin/coinwallet/api/BlockchainAPI$2.class
com/teambitcoin/coinwallet/AddressScreen$2$1.class
com/teambitcoin/coinwallet/models/AddressContainer.class
com/teambitcoin/coinwallet/api/BlockchainAPI$5.class
com/teambitcoin/coinwallet/R$style.class
com/teambitcoin/coinwallet/AddressScreen$1.class
com/teambitcoin/coinwallet/R$drawable.class
com/teambitcoin/coinwallet/EditAccount$1.class
