/home/travis/build/cwallet/coinwallet/CoinWallet/src/main/java/com/teambitcoin/coinwallet/SendBitcoins.java
/home/travis/build/cwallet/coinwallet/CoinWallet/src/main/java/com/teambitcoin/coinwallet/ReceiveBitcoins.java
/home/travis/build/cwallet/coinwallet/CoinWallet/src/main/java/com/teambitcoin/coinwallet/ShowTransactions.java
/home/travis/build/cwallet/coinwallet/CoinWallet/src/main/java/com/teambitcoin/coinwallet/api/Statistics.java
/home/travis/build/cwallet/coinwallet/CoinWallet/src/main/java/com/teambitcoin/coinwallet/AddressScreen.java
/home/travis/build/cwallet/coinwallet/CoinWallet/src/main/java/com/teambitcoin/coinwallet/api/Address.java
/home/travis/build/cwallet/coinwallet/CoinWallet/src/main/java/com/teambitcoin/coinwallet/models/Transaction.java
/home/travis/build/cwallet/coinwallet/CoinWallet/src/main/java/com/teambitcoin/coinwallet/ShowStatistics.java
/home/travis/build/cwallet/coinwallet/CoinWallet/src/main/java/com/teambitcoin/coinwallet/ShowExchangeRates.java
/home/travis/build/cwallet/coinwallet/CoinWallet/src/main/java/com/teambitcoin/coinwallet/api/Payment.java
/home/travis/build/cwallet/coinwallet/CoinWallet/src/main/java/com/teambitcoin/coinwallet/models/User.java
/home/travis/build/cwallet/coinwallet/CoinWallet/src/main/java/com/teambitcoin/coinwallet/QRActivity.java
/home/travis/build/cwallet/coinwallet/CoinWallet/target/generated-sources/r/com/teambitcoin/coinwallet/BuildConfig.java
/home/travis/build/cwallet/coinwallet/CoinWallet/src/main/java/com/teambitcoin/coinwallet/EditAccount.java
/home/travis/build/cwallet/coinwallet/CoinWallet/src/main/java/com/teambitcoin/coinwallet/MainActivity.java
/home/travis/build/cwallet/coinwallet/CoinWallet/src/main/java/com/teambitcoin/coinwallet/api/Account.java
/home/travis/build/cwallet/coinwallet/CoinWallet/target/generated-sources/r/com/teambitcoin/coinwallet/R.java
/home/travis/build/cwallet/coinwallet/CoinWallet/src/main/java/com/teambitcoin/coinwallet/ForgotPassword.java
/home/travis/build/cwallet/coinwallet/CoinWallet/src/main/java/com/teambitcoin/coinwallet/models/Database.java
/home/travis/build/cwallet/coinwallet/CoinWallet/src/main/java/com/teambitcoin/coinwallet/models/UserWrapper.java
/home/travis/build/cwallet/coinwallet/CoinWallet/src/main/java/com/teambitcoin/coinwallet/api/Conversion.java
/home/travis/build/cwallet/coinwallet/CoinWallet/src/main/java/com/teambitcoin/coinwallet/models/AddressContainer.java
/home/travis/build/cwallet/coinwallet/CoinWallet/src/main/java/com/teambitcoin/coinwallet/models/AddressDatabaseHandler.java
/home/travis/build/cwallet/coinwallet/CoinWallet/src/main/java/com/teambitcoin/coinwallet/api/BlockchainAPI.java
